Archive member included to satisfy reference by file (symbol)

c:/program files (x86)/atmel/studio/7.0/toolchain/arm/arm-gnu-toolchain/bin/../lib/gcc/arm-none-eabi/6.3.1/../../../../arm-none-eabi/lib/thumb/v7-m\libc.a(lib_a-exit.o)
                              c:/program files (x86)/atmel/studio/7.0/toolchain/arm/arm-gnu-toolchain/bin/../lib/gcc/arm-none-eabi/6.3.1/../../../../arm-none-eabi/lib/thumb/v7-m/crt0.o (exit)
c:/program files (x86)/atmel/studio/7.0/toolchain/arm/arm-gnu-toolchain/bin/../lib/gcc/arm-none-eabi/6.3.1/../../../../arm-none-eabi/lib/thumb/v7-m\libc.a(lib_a-impure.o)
                              c:/program files (x86)/atmel/studio/7.0/toolchain/arm/arm-gnu-toolchain/bin/../lib/gcc/arm-none-eabi/6.3.1/../../../../arm-none-eabi/lib/thumb/v7-m\libc.a(lib_a-exit.o) (_global_impure_ptr)
c:/program files (x86)/atmel/studio/7.0/toolchain/arm/arm-gnu-toolchain/bin/../lib/gcc/arm-none-eabi/6.3.1/../../../../arm-none-eabi/lib/thumb/v7-m\libc.a(lib_a-init.o)
                              c:/program files (x86)/atmel/studio/7.0/toolchain/arm/arm-gnu-toolchain/bin/../lib/gcc/arm-none-eabi/6.3.1/../../../../arm-none-eabi/lib/thumb/v7-m/crt0.o (__libc_init_array)
c:/program files (x86)/atmel/studio/7.0/toolchain/arm/arm-gnu-toolchain/bin/../lib/gcc/arm-none-eabi/6.3.1/../../../../arm-none-eabi/lib/thumb/v7-m\libc.a(lib_a-memset.o)
                              c:/program files (x86)/atmel/studio/7.0/toolchain/arm/arm-gnu-toolchain/bin/../lib/gcc/arm-none-eabi/6.3.1/../../../../arm-none-eabi/lib/thumb/v7-m/crt0.o (memset)
c:/program files (x86)/atmel/studio/7.0/toolchain/arm/arm-gnu-toolchain/bin/../lib/gcc/arm-none-eabi/6.3.1/../../../../arm-none-eabi/lib/thumb/v7-m\libc.a(lib_a-__call_atexit.o)
                              c:/program files (x86)/atmel/studio/7.0/toolchain/arm/arm-gnu-toolchain/bin/../lib/gcc/arm-none-eabi/6.3.1/../../../../arm-none-eabi/lib/thumb/v7-m\libc.a(lib_a-exit.o) (__call_exitprocs)
c:/program files (x86)/atmel/studio/7.0/toolchain/arm/arm-gnu-toolchain/bin/../lib/gcc/arm-none-eabi/6.3.1/../../../../arm-none-eabi/lib/thumb/v7-m\libc.a(lib_a-atexit.o)
                              c:/program files (x86)/atmel/studio/7.0/toolchain/arm/arm-gnu-toolchain/bin/../lib/gcc/arm-none-eabi/6.3.1/../../../../arm-none-eabi/lib/thumb/v7-m\libc.a(lib_a-__call_atexit.o) (atexit)
c:/program files (x86)/atmel/studio/7.0/toolchain/arm/arm-gnu-toolchain/bin/../lib/gcc/arm-none-eabi/6.3.1/../../../../arm-none-eabi/lib/thumb/v7-m\libc.a(lib_a-fini.o)
                              c:/program files (x86)/atmel/studio/7.0/toolchain/arm/arm-gnu-toolchain/bin/../lib/gcc/arm-none-eabi/6.3.1/../../../../arm-none-eabi/lib/thumb/v7-m\libc.a(lib_a-__call_atexit.o) (__libc_fini_array)
c:/program files (x86)/atmel/studio/7.0/toolchain/arm/arm-gnu-toolchain/bin/../lib/gcc/arm-none-eabi/6.3.1/../../../../arm-none-eabi/lib/thumb/v7-m\libc.a(lib_a-lock.o)
                              c:/program files (x86)/atmel/studio/7.0/toolchain/arm/arm-gnu-toolchain/bin/../lib/gcc/arm-none-eabi/6.3.1/../../../../arm-none-eabi/lib/thumb/v7-m\libc.a(lib_a-__call_atexit.o) (__retarget_lock_acquire_recursive)
c:/program files (x86)/atmel/studio/7.0/toolchain/arm/arm-gnu-toolchain/bin/../lib/gcc/arm-none-eabi/6.3.1/../../../../arm-none-eabi/lib/thumb/v7-m\libc.a(lib_a-__atexit.o)
                              c:/program files (x86)/atmel/studio/7.0/toolchain/arm/arm-gnu-toolchain/bin/../lib/gcc/arm-none-eabi/6.3.1/../../../../arm-none-eabi/lib/thumb/v7-m\libc.a(lib_a-atexit.o) (__register_exitproc)

Allocating common symbols
Common symbol       size              file

__lock___atexit_recursive_mutex
                    0x1               c:/program files (x86)/atmel/studio/7.0/toolchain/arm/arm-gnu-toolchain/bin/../lib/gcc/arm-none-eabi/6.3.1/../../../../arm-none-eabi/lib/thumb/v7-m\libc.a(lib_a-lock.o)
__lock___arc4random_mutex
                    0x1               c:/program files (x86)/atmel/studio/7.0/toolchain/arm/arm-gnu-toolchain/bin/../lib/gcc/arm-none-eabi/6.3.1/../../../../arm-none-eabi/lib/thumb/v7-m\libc.a(lib_a-lock.o)
__lock___env_recursive_mutex
                    0x1               c:/program files (x86)/atmel/studio/7.0/toolchain/arm/arm-gnu-toolchain/bin/../lib/gcc/arm-none-eabi/6.3.1/../../../../arm-none-eabi/lib/thumb/v7-m\libc.a(lib_a-lock.o)
__lock___sinit_recursive_mutex
                    0x1               c:/program files (x86)/atmel/studio/7.0/toolchain/arm/arm-gnu-toolchain/bin/../lib/gcc/arm-none-eabi/6.3.1/../../../../arm-none-eabi/lib/thumb/v7-m\libc.a(lib_a-lock.o)
__lock___malloc_recursive_mutex
                    0x1               c:/program files (x86)/atmel/studio/7.0/toolchain/arm/arm-gnu-toolchain/bin/../lib/gcc/arm-none-eabi/6.3.1/../../../../arm-none-eabi/lib/thumb/v7-m\libc.a(lib_a-lock.o)
rx_buffer           0x42              uart.o
e_sum               0x4               main.o
__lock___at_quick_exit_mutex
[...]
Memory Configuration

Name             Origin             Length             Attributes
rom              0x00080000         0x00080000         xr
ram              0x20000000         0x00018000         xrw
*default*        0x00000000         0xffffffff

Linker script and memory map

LOAD c:/program files (x86)/atmel/studio/7.0/toolchain/arm/arm-gnu-toolchain/bin/../lib/gcc/arm-none-eabi/6.3.1/thumb/v7-m/crti.o
LOAD c:/program files (x86)/atmel/studio/7.0/toolchain/arm/arm-gnu-toolchain/bin/../lib/gcc/arm-none-eabi/6.3.1/thumb/v7-m/crtbegin.o
LOAD c:/program files (x86)/atmel/studio/7.0/toolchain/arm/arm-gnu-toolchain/bin/../lib/gcc/arm-none-eabi/6.3.1/../../../../arm-none-eabi/lib/thumb/v7-m/crt0.o
LOAD adc_driver.o
LOAD can_controller.o
LOAD can_interrupt.o
LOAD Device_Startup/startup_sam3xa.o
LOAD Device_Startup/system_sam3xa.o
LOAD main.o
LOAD printf-stdarg.o
LOAD uart.o
START GROUP
LOAD c:/program files (x86)/atmel/studio/7.0/toolchain/arm/arm-gnu-toolchain/bin/../lib/gcc/arm-none-eabi/6.3.1/../../../../arm-none-eabi/lib/thumb/v7-m\libm.a
END GROUP
START GROUP
LOAD c:/program files (x86)/atmel/studio/7.0/toolchain/arm/arm-gnu-toolchain/bin/../lib/gcc/arm-none-eabi/6.3.1/thumb/v7-m\libgcc.a
LOAD c:/program files (x86)/atmel/studio/7.0/toolchain/arm/arm-gnu-toolchain/bin/../lib/gcc/arm-none-eabi/6.3.1/../../../../arm-none-eabi/lib/thumb/v7-m\libc.a
END GROUP
LOAD c:/program files (x86)/atmel/studio/7.0/toolchain/arm/arm-gnu-toolchain/bin/../lib/gcc/arm-none-eabi/6.3.1/thumb/v7-m/crtend.o
LOAD c:/program files (x86)/atmel/studio/7.0/toolchain/arm/arm-gnu-toolchain/bin/../lib/gcc/arm-none-eabi/6.3.1/thumb/v7-m/crtn.o
                0x00000400                STACK_SIZE = DEFINED (STACK_SIZE)?STACK_SIZE:0x400
                0x00000200                HEAP_SIZE = DEFINED (HEAP_SIZE)?HEAP_SIZE:0x200

.text           0x00080000     0x135c
                0x00080000                . = ALIGN (0x4)
                0x00080000                _sfixed = .
 *(.vectors .vectors.*)
 .vectors       0x00080000       0xf4 Device_Startup/startup_sam3xa.o
                0x00080000                exception_table
 *(.text .text.* .gnu.linkonce.t.*)
 .text          0x000800f4       0x6c c:/program files (x86)/atmel/studio/7.0/toolchain/arm/arm-gnu-toolchain/bin/../lib/gcc/arm-none-eabi/6.3.1/thumb/v7-m/crtbegin.o
 .text.adc_config
                0x00080160       0x38 adc_driver.o
                0x00080160                adc_config
 .text.init_adc
                0x00080198       0x28 adc_driver.o
                0x00080198                init_adc
 .text.adc_read_lcdr
                0x000801c0       0x30 adc_driver.o
                0x000801c0                adc_read_lcdr
 .text.adc_interrupt_disable
                0x000801f0       0x2c adc_driver.o
                0x000801f0                adc_interrupt_disable
 .text.ADC_Handler
                0x0008021c       0x4c adc_driver.o
                0x0008021c                ADC_Handler
 .text.can_init
                0x00080268       0xe4 can_controller.o
                0x00080268                can_init
 .text.can_init_def_tx_rx_mb
                0x0008034c       0x18 can_controller.o
                0x0008034c                can_init_def_tx_rx_mb
 .text.can_receive
                0x00080364       0x84 can_controller.o
                0x00080364                can_receive
 .text.CAN0_Handler
                0x000803e8      0x104 can_interrupt.o
                0x000803e8                CAN0_Handler
 .text.Dummy_Handler
                0x000804ec        0x2 Device_Startup/startup_sam3xa.o
                0x000804ec                DACC_Handler
                0x000804ec                DebugMon_Handler
                0x000804ec                DMAC_Handler
                0x000804ec                TRNG_Handler
                0x000804ec                HardFault_Handler
                0x000804ec                SysTick_Handler
                0x000804ec                USART3_Handler
                0x000804ec                TWI1_Handler
                0x000804ec                PendSV_Handler
                0x000804ec                NMI_Handler
                0x000804ec                TC7_Handler
                0x000804ec                SMC_Handler
                0x000804ec                USART0_Handler
                0x000804ec                RTT_Handler
                0x000804ec                EFC1_Handler
                0x000804ec                PIOB_Handler
                0x000804ec                RTC_Handler
                0x000804ec                UsageFault_Handler
                0x000804ec                TC6_Handler
                0x000804ec                WDT_Handler
                0x000804ec                TC4_Handler
                0x000804ec                HSMCI_Handler
                0x000804ec                TC3_Handler
                0x000804ec                Dummy_Handler
                0x000804ec                TWI0_Handler
                0x000804ec                USART1_Handler
                0x000804ec                PIOA_Handler
                0x000804ec                SSC_Handler
                0x000804ec                EFC0_Handler
                0x000804ec                PMC_Handler
                0x000804ec                PWM_Handler
                0x000804ec                CAN1_Handler
                0x000804ec                MemManage_Handler
                0x000804ec                SUPC_Handler
                0x000804ec                SVC_Handler
                0x000804ec                TC8_Handler
                0x000804ec                USART2_Handler
                0x000804ec                PIOD_Handler
                0x000804ec                EMAC_Handler
                0x000804ec                PIOC_Handler
                0x000804ec                BusFault_Handler
                0x000804ec                RSTC_Handler
                0x000804ec                TC5_Handler
                0x000804ec                UOTGHS_Handler
                0x000804ec                SPI0_Handler
 *fill*         0x000804ee        0x2 
 .text.Reset_Handler
                0x000804f0       0x6c Device_Startup/startup_sam3xa.o
                0x000804f0                Reset_Handler
 .text.SystemInit
                0x0008055c       0xa4 Device_Startup/system_sam3xa.o
                0x0008055c                SystemInit
 .text.pin_util_set_dir
                0x00080600       0xb8 main.o
                0x00080600                pin_util_set_dir
 .text.pin_util_toggle
                0x000806b8       0x6c main.o
                0x000806b8                pin_util_toggle
 .text.dac_config
                0x00080724       0x2c main.o
                0x00080724                dac_config
 .text.init_dac
                0x00080750       0x1c main.o
                0x00080750                init_dac
 .text.dac_write
                0x0008076c       0x14 main.o
                0x0008076c                dac_write
 .text.motor_set_direction
                0x00080780       0x1c main.o
                0x00080780                motor_set_direction
 .text.motor_set_speed
                0x0008079c        0xc main.o
                0x0008079c                motor_set_speed
 .text.motor_set_enable
                0x000807a8       0x1c main.o
                0x000807a8                motor_set_enable
 .text.motor_set_position
                0x000807c4        0xc main.o
                0x000807c4                motor_set_position
 .text.pid_reset
                0x000807d0        0xc main.o
                0x000807d0                pid_reset
 .text.pwm_config
                0x000807dc       0x54 main.o
                0x000807dc                pwm_config
 .text.init_pwm
                0x00080830       0x48 main.o
                0x00080830                init_pwm
 .text.pwm_set_dc
                0x00080878       0x68 main.o
                0x00080878                pwm_set_dc
 .text.pwm_joystick_move
                0x000808e0       0x4c main.o
                0x000808e0                pwm_joystick_move
 .text.timer_config
                0x0008092c       0x88 main.o
                0x0008092c                timer_config
 .text.init_timer
                0x000809b4       0x54 main.o
                0x000809b4                init_timer
 .text.TC1_Handler
                0x00080a08       0x30 main.o
                0x00080a08                TC1_Handler
 .text.TC2_Handler
                0x00080a38       0x30 main.o
                0x00080a38                TC2_Handler
 .text.delay    0x00080a68       0x18 main.o
                0x00080a68                delay
 .text.init_motor
                0x00080a80       0x7c main.o
                0x00080a80                init_motor
 .text.motor_read_enc
                0x00080afc       0x64 main.o
                0x00080afc                motor_read_enc
 .text.motor_interrupt
                0x00080b60       0x90 main.o
                0x00080b60                motor_interrupt
 .text.TC0_Handler
                0x00080bf0       0x28 main.o
                0x00080bf0                TC0_Handler
 .text.init     0x00080c18       0xb4 main.o
                0x00080c18                init
 .text.main     0x00080ccc        0xc main.o
                0x00080ccc                main
 .text.printchar
                0x00080cd8       0x10 printf-stdarg.o
 .text.prints   0x00080ce8       0x84 printf-stdarg.o
 .text.printi   0x00080d6c       0xac printf-stdarg.o
 .text.print    0x00080e18      0x150 printf-stdarg.o
 .text.printf   0x00080f68       0x24 printf-stdarg.o
                0x00080f68                printf
 .text.configure_uart
                0x00080f8c       0x68 uart.o
                0x00080f8c                configure_uart
 .text.uart_putchar
                0x00080ff4       0x24 uart.o
                0x00080ff4                uart_putchar
 .text.UART_Handler
                0x00081018       0x68 uart.o
                0x00081018                UART_Handler
 .text.__libc_init_array
                0x00081080       0x50 c:/program files (x86)/atmel/studio/7.0/toolchain/arm/arm-gnu-toolchain/bin/../lib/gcc/arm-none-eabi/6.3.1/../../../../arm-none-eabi/lib/thumb/v7-m\libc.a(lib_a-init.o)
                0x00081080                __libc_init_array
 .text.startup.register_fini
                0x000810d0       0x14 c:/program files (x86)/atmel/studio/7.0/toolchain/arm/arm-gnu-toolchain/bin/../lib/gcc/arm-none-eabi/6.3.1/../../../../arm-none-eabi/lib/thumb/v7-m\libc.a(lib_a-__call_atexit.o)
 .text.atexit   0x000810e4        0xc c:/program files (x86)/atmel/studio/7.0/toolchain/arm/arm-gnu-toolchain/bin/../lib/gcc/arm-none-eabi/6.3.1/../../../../arm-none-eabi/lib/thumb/v7-m\libc.a(lib_a-atexit.o)
                0x000810e4                atexit
 .text.__libc_fini_array
                0x000810f0       0x34 c:/program files (x86)/atmel/studio/7.0/toolchain/arm/arm-gnu-toolchain/bin/../lib/gcc/arm-none-eabi/6.3.1/../../../../arm-none-eabi/lib/thumb/v7-m\libc.a(lib_a-fini.o)
                0x000810f0                __libc_fini_array
 .text.__retarget_lock_acquire_recursive
                0x00081124        0x4 c:/program files (x86)/atmel/studio/7.0/toolchain/arm/arm-gnu-toolchain/bin/../lib/gcc/arm-none-eabi/6.3.1/../../../../arm-none-eabi/lib/thumb/v7-m\libc.a(lib_a-lock.o)
                0x00081124                __retarget_lock_acquire_recursive
 .text.__retarget_lock_release_recursive
                0x00081128        0x4 c:/program files (x86)/atmel/studio/7.0/toolchain/arm/arm-gnu-toolchain/bin/../lib/gcc/arm-none-eabi/6.3.1/../../../../arm-none-eabi/lib/thumb/v7-m\libc.a(lib_a-lock.o)
                0x00081128                __retarget_lock_release_recursive
 .text.__register_exitproc
                0x0008112c       0xc4 c:/program files (x86)/atmel/studio/7.0/toolchain/arm/arm-gnu-toolchain/bin/../lib/gcc/arm-none-eabi/6.3.1/../../../../arm-none-eabi/lib/thumb/v7-m\libc.a(lib_a-__atexit.o)
                0x0008112c                __register_exitproc
 *(.glue_7t)
 .glue_7t       0x000811f0        0x0 linker stubs
 *(.glue_7)
 .glue_7        0x000811f0        0x0 linker stubs
 *(.rodata .rodata* .gnu.linkonce.r.*)
 .rodata.str1.4
                0x000811f0       0x4d adc_driver.o
 *fill*         0x0008123d        0x3 
 .rodata.str1.4
                0x00081240       0x9a can_interrupt.o
                                 0x9e (size before relaxing)
 *fill*         0x000812da        0x2 
 .rodata.str1.4
                0x000812dc       0x30 main.o
 .rodata.str1.4
                0x0008130c        0x7 printf-stdarg.o
 *fill*         0x00081313        0x1 
 .rodata.str1.4
                0x00081314       0x20 uart.o
                                 0x1e (size before relaxing)
 .rodata._global_impure_ptr
                0x00081334        0x4 c:/program files (x86)/atmel/studio/7.0/toolchain/arm/arm-gnu-toolchain/bin/../lib/gcc/arm-none-eabi/6.3.1/../../../../arm-none-eabi/lib/thumb/v7-m\libc.a(lib_a-impure.o)
                0x00081334                _global_impure_ptr
 *(.ARM.extab* .gnu.linkonce.armextab.*)
                0x00081338                . = ALIGN (0x4)
 *(.init)
 .init          0x00081338        0x4 c:/program files (x86)/atmel/studio/7.0/toolchain/arm/arm-gnu-toolchain/bin/../lib/gcc/arm-none-eabi/6.3.1/thumb/v7-m/crti.o
                0x00081338                _init
 .init          0x0008133c        0x8 c:/program files (x86)/atmel/studio/7.0/toolchain/arm/arm-gnu-toolchain/bin/../lib/gcc/arm-none-eabi/6.3.1/thumb/v7-m/crtn.o
                0x00081344                . = ALIGN (0x4)
                0x00081344                __preinit_array_start = .
 *(.preinit_array)
                0x00081344                __preinit_array_end = .
                0x00081344                . = ALIGN (0x4)
                0x00081344                __init_array_start = .
 *(SORT(.init_array.*))
 .init_array.00000
                0x00081344        0x4 c:/program files (x86)/atmel/studio/7.0/toolchain/arm/arm-gnu-toolchain/bin/../lib/gcc/arm-none-eabi/6.3.1/../../../../arm-none-eabi/lib/thumb/v7-m\libc.a(lib_a-__call_atexit.o)
 *(.init_array)
 .init_array    0x00081348        0x4 c:/program files (x86)/atmel/studio/7.0/toolchain/arm/arm-gnu-toolchain/bin/../lib/gcc/arm-none-eabi/6.3.1/thumb/v7-m/crtbegin.o
                0x0008134c                __init_array_end = .
                0x0008134c                . = ALIGN (0x4)
 *crtbegin.o(.ctors)
 *(EXCLUDE_FILE(*crtend.o) .ctors)
 *(SORT(.ctors.*))
 *crtend.o(.ctors)
                0x0008134c                . = ALIGN (0x4)
 *(.fini)
 .fini          0x0008134c        0x4 c:/program files (x86)/atmel/studio/7.0/toolchain/arm/arm-gnu-toolchain/bin/../lib/gcc/arm-none-eabi/6.3.1/thumb/v7-m/crti.o
                0x0008134c                _fini
 .fini          0x00081350        0x8 c:/program files (x86)/atmel/studio/7.0/toolchain/arm/arm-gnu-toolchain/bin/../lib/gcc/arm-none-eabi/6.3.1/thumb/v7-m/crtn.o
                0x00081358                . = ALIGN (0x4)
                0x00081358                __fini_array_start = .
 *(.fini_array)
 .fini_array    0x00081358        0x4 c:/program files (x86)/atmel/studio/7.0/toolchain/arm/arm-gnu-toolchain/bin/../lib/gcc/arm-none-eabi/6.3.1/thumb/v7-m/crtbegin.o
 *(SORT(.fini_array.*))
                0x0008135c                __fini_array_end = .
 *crtbegin.o(.dtors)
 *(EXCLUDE_FILE(*crtend.o) .dtors)
 *(SORT(.dtors.*))
 *crtend.o(.dtors)
                0x0008135c                . = ALIGN (0x4)
                0x0008135c                _efixed = .
                [!provide]                PROVIDE (__exidx_start, .)

.vfp11_veneer   0x0008135c        0x0
 .vfp11_veneer  0x0008135c        0x0 linker stubs

.v4_bx          0x0008135c        0x0
 .v4_bx         0x0008135c        0x0 linker stubs

.iplt           0x0008135c        0x0
 .iplt          0x0008135c        0x0 c:/program files (x86)/atmel/studio/7.0/toolchain/arm/arm-gnu-toolchain/bin/../lib/gcc/arm-none-eabi/6.3.1/thumb/v7-m/crtbegin.o

.eh_frame       0x0008135c        0x0
 .eh_frame      0x0008135c        0x0 c:/program files (x86)/atmel/studio/7.0/toolchain/arm/arm-gnu-toolchain/bin/../lib/gcc/arm-none-eabi/6.3.1/thumb/v7-m/crtbegin.o

.rel.dyn        0x0008135c        0x0
 .rel.iplt      0x0008135c        0x0 c:/program files (x86)/atmel/studio/7.0/toolchain/arm/arm-gnu-toolchain/bin/../lib/gcc/arm-none-eabi/6.3.1/thumb/v7-m/crtbegin.o

.jcr            0x0008135c        0x0
 .jcr           0x0008135c        0x0 c:/program files (x86)/atmel/studio/7.0/toolchain/arm/arm-gnu-toolchain/bin/../lib/gcc/arm-none-eabi/6.3.1/thumb/v7-m/crtbegin.o

.igot.plt       0x0008135c        0x0
 .igot.plt      0x0008135c        0x0 c:/program files (x86)/atmel/studio/7.0/toolchain/arm/arm-gnu-toolchain/bin/../lib/gcc/arm-none-eabi/6.3.1/thumb/v7-m/crtbegin.o

.ARM.exidx
 *(.ARM.exidx* .gnu.linkonce.armexidx.*)
                [!provide]                PROVIDE (__exidx_end, .)
                0x0008135c                . = ALIGN (0x4)
                0x0008135c                _etext = .

.relocate       0x20000000      0x43c load address 0x0008135c
                0x20000000                . = ALIGN (0x4)
                0x20000000                _srelocate = .
 *(.ramfunc .ramfunc.*)
 *(.data .data.*)
 .data          0x20000000        0x4 Device_Startup/system_sam3xa.o
                0x20000000                SystemCoreClock
 .data          0x20000004        0x8 main.o
                0x20000004                CPRD
 *fill*         0x2000000c        0x4 
 .data.impure_data
                0x20000010      0x428 c:/program files (x86)/atmel/studio/7.0/toolchain/arm/arm-gnu-toolchain/bin/../lib/gcc/arm-none-eabi/6.3.1/../../../../arm-none-eabi/lib/thumb/v7-m\libc.a(lib_a-impure.o)
 .data.__atexit_recursive_mutex
                0x20000438        0x4 c:/program files (x86)/atmel/studio/7.0/toolchain/arm/arm-gnu-toolchain/bin/../lib/gcc/arm-none-eabi/6.3.1/../../../../arm-none-eabi/lib/thumb/v7-m\libc.a(lib_a-__call_atexit.o)
                0x20000438                __atexit_recursive_mutex
                0x2000043c                . = ALIGN (0x4)
                0x2000043c                _erelocate = .

.bss            0x2000043c       0x8c load address 0x00081798
                0x2000043c                . = ALIGN (0x4)
                0x2000043c                _sbss = .
                0x2000043c                _szero = .
 *(.bss .bss.*)
 .bss           0x2000043c       0x1c c:/program files (x86)/atmel/studio/7.0/toolchain/arm/arm-gnu-toolchain/bin/../lib/gcc/arm-none-eabi/6.3.1/thumb/v7-m/crtbegin.o
 .bss           0x20000458        0x1 main.o
 *(COMMON)
 *fill*         0x20000459        0x3 
 COMMON         0x2000045c        0x4 main.o
                0x2000045c                e_sum
 COMMON         0x20000460       0x42 uart.o
                0x20000460                rx_buffer
 *fill*         0x200004a2        0x2 
 COMMON         0x200004a4       0x21 c:/program files (x86)/atmel/studio/7.0/toolchain/arm/arm-gnu-toolchain/bin/../lib/gcc/arm-none-eabi/6.3.1/../../../../arm-none-eabi/lib/thumb/v7-m\libc.a(lib_a-lock.o)
                0x200004a4                __lock___atexit_recursive_mutex
                0x200004a8                __lock___arc4random_mutex
                0x200004ac                __lock___env_recursive_mutex
                0x200004b0                __lock___sinit_recursive_mutex
                0x200004b4                __lock___malloc_recursive_mutex
                0x200004b8                __lock___at_quick_exit_mutex
                0x200004bc                __lock___dd_hash_mutex
                0x200004c0                __lock___tz_mutex
                0x200004c4                __lock___sfp_recursive_mutex
                0x200004c8                . = ALIGN (0x4)
 *fill*         0x200004c5        0x3 
                0x200004c8                _ebss = .
                0x200004c8                _ezero = .

.stack          0x200004c8      0x400 load address 0x00081824
                0x200004c8                . = ALIGN (0x8)
                0x200004c8                _sstack = .
                0x200008c8                . = (. + STACK_SIZE)
 *fill*         0x200004c8      0x400 
                0x200008c8                . = ALIGN (0x8)
                0x200008c8                _estack = .

.heap           0x200008c8      0x200 load address 0x00081c24
                0x200008c8                . = ALIGN (0x8)
                0x200008c8                _sheap = .
                0x20000ac8                . = (. + HEAP_SIZE)
 *fill*         0x200008c8      0x200 
                0x20000ac8                . = ALIGN (0x8)
                0x20000ac8                _eheap = .
                0x20000ac8                . = ALIGN (0x4)
                0x20000ac8                _end = .
                0x20017fff                _ram_end_ = ((ORIGIN (ram) + LENGTH (ram)) - 0x1)
OUTPUT(node_2.elf elf32-littlearm)

.ARM.attributes
                0x00000000       0x29
 .ARM.attributes
                0x00000000       0x1d c:/program files (x86)/atmel/studio/7.0/toolchain/arm/arm-gnu-toolchain/bin/../lib/gcc/arm-none-eabi/6.3.1/thumb/v7-m/crti.o
 .ARM.attributes
                0x0000001d       0x2d c:/program files (x86)/atmel/studio/7.0/toolchain/arm/arm-gnu-toolchain/bin/../lib/gcc/arm-none-eabi/6.3.1/thumb/v7-m/crtbegin.o
 .ARM.attributes
                0x0000004a       0x33 adc_driver.o
 .ARM.attributes
                0x0000007d       0x33 can_controller.o
 .ARM.attributes
                0x000000b0       0x33 can_interrupt.o
 .ARM.attributes
                0x000000e3       0x33 Device_Startup/startup_sam3xa.o
 .ARM.attributes
                0x00000116       0x33 Device_Startup/system_sam3xa.o
 .ARM.attributes
                0x00000149       0x33 main.o
 .ARM.attributes
                0x0000017c       0x33 printf-stdarg.o
 .ARM.attributes
                0x000001af       0x33 uart.o
 .ARM.attributes
                0x000001e2       0x2d c:/program files (x86)/atmel/studio/7.0/toolchain/arm/arm-gnu-toolchain/bin/../lib/gcc/arm-none-eabi/6.3.1/../../../../arm-none-eabi/lib/thumb/v7-m\libc.a(lib_a-impure.o)
 .ARM.attributes
                0x0000020f       0x2d c:/program files (x86)/atmel/studio/7.0/toolchain/arm/arm-gnu-toolchain/bin/../lib/gcc/arm-none-eabi/6.3.1/../../../../arm-none-eabi/lib/thumb/v7-m\libc.a(lib_a-init.o)
 .ARM.attributes
                0x0000023c       0x2d c:/program files (x86)/atmel/studio/7.0/toolchain/arm/arm-gnu-toolchain/bin/../lib/gcc/arm-none-eabi/6.3.1/../../../../arm-none-eabi/lib/thumb/v7-m\libc.a(lib_a-__call_atexit.o)
 .ARM.attributes
                0x00000269       0x2d c:/program files (x86)/atmel/studio/7.0/toolchain/arm/arm-gnu-toolchain/bin/../lib/gcc/arm-none-eabi/6.3.1/../../../../arm-none-eabi/lib/thumb/v7-m\libc.a(lib_a-atexit.o)
 .ARM.attributes
                0x00000296       0x2d c:/program files (x86)/atmel/studio/7.0/toolchain/arm/arm-gnu-toolchain/bin/../lib/gcc/arm-none-eabi/6.3.1/../../../../arm-none-eabi/lib/thumb/v7-m\libc.a(lib_a-fini.o)
 .ARM.attributes
                0x000002c3       0x2d c:/program files (x86)/atmel/studio/7.0/toolchain/arm/arm-gnu-toolchain/bin/../lib/gcc/arm-none-eabi/6.3.1/../../../../arm-none-eabi/lib/thumb/v7-m\libc.a(lib_a-lock.o)
 .ARM.attributes
                0x000002f0       0x2d c:/program files (x86)/atmel/studio/7.0/toolchain/arm/arm-gnu-toolchain/bin/../lib/gcc/arm-none-eabi/6.3.1/../../../../arm-none-eabi/lib/thumb/v7-m\libc.a(lib_a-__atexit.o)
 .ARM.attributes
                0x0000031d       0x1d c:/program files (x86)/atmel/studio/7.0/toolchain/arm/arm-gnu-toolchain/bin/../lib/gcc/arm-none-eabi/6.3.1/thumb/v7-m/crtn.o

.comment        0x00000000       0x59
 .comment       0x00000000       0x59 adc_driver.o
                                 0x5a (size before relaxing)
 .comment       0x00000059       0x5a can_controller.o
 .comment       0x00000059       0x5a can_interrupt.o
 .comment       0x00000059       0x5a Device_Startup/startup_sam3xa.o
 .comment       0x00000059       0x5a Device_Startup/system_sam3xa.o
 .comment       0x00000059       0x5a main.o
 .comment       0x00000059       0x5a printf-stdarg.o
 .comment       0x00000059       0x5a uart.o

.debug_info     0x00000000     0x7434
 .debug_info    0x00000000     0x1382 adc_driver.o
 .debug_info    0x00001382      0xda6 can_controller.o
 .debug_info    0x00002128     0x10b1 can_interrupt.o
 .debug_info    0x000031d9      0x74e Device_Startup/startup_sam3xa.o
 .debug_info    0x00003927      0x444 Device_Startup/system_sam3xa.o
 .debug_info    0x00003d6b     0x24a1 main.o
 .debug_info    0x0000620c      0x60b printf-stdarg.o
 .debug_info    0x00006817      0xc1d uart.o

.debug_abbrev   0x00000000     0x1264
 .debug_abbrev  0x00000000      0x345 adc_driver.o
 .debug_abbrev  0x00000345      0x268 can_controller.o
 .debug_abbrev  0x000005ad      0x2d1 can_interrupt.o
 .debug_abbrev  0x0000087e      0x153 Device_Startup/startup_sam3xa.o
 .debug_abbrev  0x000009d1      0x102 Device_Startup/system_sam3xa.o
 .debug_abbrev  0x00000ad3      0x3ec main.o
 .debug_abbrev  0x00000ebf      0x194 printf-stdarg.o
 .debug_abbrev  0x00001053      0x211 uart.o

.debug_loc      0x00000000     0x16c0
 .debug_loc     0x00000000      0x11e adc_driver.o
 .debug_loc     0x0000011e      0x294 can_controller.o
 .debug_loc     0x000003b2       0x78 can_interrupt.o
 .debug_loc     0x0000042a       0x78 Device_Startup/startup_sam3xa.o
 .debug_loc     0x000004a2      0x87e main.o
 .debug_loc     0x00000d20      0x8d2 printf-stdarg.o
 .debug_loc     0x000015f2       0xce uart.o

.debug_aranges  0x00000000      0x278
 .debug_aranges
                0x00000000       0x50 adc_driver.o
 .debug_aranges
                0x00000050       0x38 can_controller.o
 .debug_aranges
                0x00000088       0x20 can_interrupt.o
 .debug_aranges
                0x000000a8       0x28 Device_Startup/startup_sam3xa.o
 .debug_aranges
                0x000000d0       0x30 Device_Startup/system_sam3xa.o
 .debug_aranges
                0x00000100       0xf0 main.o
 .debug_aranges
                0x000001f0       0x50 printf-stdarg.o
 .debug_aranges
                0x00000240       0x38 uart.o

.debug_ranges   0x00000000      0x240
 .debug_ranges  0x00000000       0x40 adc_driver.o
 .debug_ranges  0x00000040       0x28 can_controller.o
 .debug_ranges  0x00000068       0x28 can_interrupt.o
 .debug_ranges  0x00000090       0x18 Device_Startup/startup_sam3xa.o
 .debug_ranges  0x000000a8       0x20 Device_Startup/system_sam3xa.o
 .debug_ranges  0x000000c8       0xf8 main.o
 .debug_ranges  0x000001c0       0x58 printf-stdarg.o
 .debug_ranges  0x00000218       0x28 uart.o

.debug_macro    0x00000000    0x124ad
 .debug_macro   0x00000000      0x4c3 adc_driver.o
 .debug_macro   0x000004c3      0x8b0 adc_driver.o
 .debug_macro   0x00000d73       0x22 adc_driver.o
 .debug_macro   0x00000d95       0x87 adc_driver.o
 .debug_macro   0x00000e1c       0x51 adc_driver.o
 .debug_macro   0x00000e6d       0xef adc_driver.o
 .debug_macro   0x00000f5c       0x6a adc_driver.o
 .debug_macro   0x00000fc6      0x1df adc_driver.o
 .debug_macro   0x000011a5       0x58 adc_driver.o
 .debug_macro   0x000011fd       0x35 adc_driver.o
 .debug_macro   0x00001232       0x9c adc_driver.o
 .debug_macro   0x000012ce       0x16 adc_driver.o
 .debug_macro   0x000012e4       0x97 adc_driver.o
 .debug_macro   0x0000137b      0x353 adc_driver.o
 .debug_macro   0x000016ce       0xf6 adc_driver.o
 .debug_macro   0x000017c4       0x10 adc_driver.o
 .debug_macro   0x000017d4       0x58 adc_driver.o
 .debug_macro   0x0000182c       0x1f adc_driver.o
 .debug_macro   0x0000184b       0x43 adc_driver.o
 .debug_macro   0x0000188e       0x20 adc_driver.o
 .debug_macro   0x000018ae      0x187 adc_driver.o
 .debug_macro   0x00001a35       0x10 adc_driver.o
 .debug_macro   0x00001a45       0x1c adc_driver.o
 .debug_macro   0x00001a61       0x52 adc_driver.o
 .debug_macro   0x00001ab3       0x40 adc_driver.o
 .debug_macro   0x00001af3       0x10 adc_driver.o
 .debug_macro   0x00001b03       0x40 adc_driver.o
 .debug_macro   0x00001b43       0xd7 adc_driver.o
 .debug_macro   0x00001c1a       0x16 adc_driver.o
 .debug_macro   0x00001c30      0x18b adc_driver.o
 .debug_macro   0x00001dbb       0x26 adc_driver.o
 .debug_macro   0x00001de1       0x1c adc_driver.o
 .debug_macro   0x00001dfd       0x22 adc_driver.o
 .debug_macro   0x00001e1f       0xbd adc_driver.o
 .debug_macro   0x00001edc      0xe49 adc_driver.o
 .debug_macro   0x00002d25      0x11f adc_driver.o
 .debug_macro   0x00002e44      0xa7d adc_driver.o
 .debug_macro   0x000038c1      0x55a adc_driver.o
 .debug_macro   0x00003e1b      0x1a8 adc_driver.o
 .debug_macro   0x00003fc3      0x30b adc_driver.o
 .debug_macro   0x000042ce      0x709 adc_driver.o
 .debug_macro   0x000049d7       0xd6 adc_driver.o
 .debug_macro   0x00004aad      0x56c adc_driver.o
 .debug_macro   0x00005019       0x1c adc_driver.o
 .debug_macro   0x00005035      0x678 adc_driver.o
 .debug_macro   0x000056ad      0x51e adc_driver.o
 .debug_macro   0x00005bcb       0xbe adc_driver.o
 .debug_macro   0x00005c89     0x2333 adc_driver.o
 .debug_macro   0x00007fbc      0x7d1 adc_driver.o
 .debug_macro   0x0000878d      0xdbb adc_driver.o
 .debug_macro   0x00009548       0x9a adc_driver.o
 .debug_macro   0x000095e2      0x29c adc_driver.o
 .debug_macro   0x0000987e       0x58 adc_driver.o
 .debug_macro   0x000098d6      0x999 adc_driver.o
 .debug_macro   0x0000a26f      0x22d adc_driver.o
 .debug_macro   0x0000a49c      0x4b4 adc_driver.o
 .debug_macro   0x0000a950      0x64a adc_driver.o
 .debug_macro   0x0000af9a      0x590 adc_driver.o
 .debug_macro   0x0000b52a       0x46 adc_driver.o
 .debug_macro   0x0000b570      0x33f adc_driver.o
 .debug_macro   0x0000b8af      0x27e adc_driver.o
 .debug_macro   0x0000bb2d     0x14dc adc_driver.o
 .debug_macro   0x0000d009      0x7cf adc_driver.o
 .debug_macro   0x0000d7d8       0x76 adc_driver.o
 .debug_macro   0x0000d84e       0x82 adc_driver.o
 .debug_macro   0x0000d8d0       0x76 adc_driver.o
 .debug_macro   0x0000d946       0x4c adc_driver.o
 .debug_macro   0x0000d992      0x100 adc_driver.o
 .debug_macro   0x0000da92      0x100 adc_driver.o
 .debug_macro   0x0000db92      0x100 adc_driver.o
 .debug_macro   0x0000dc92       0x88 adc_driver.o
 .debug_macro   0x0000dd1a       0x88 adc_driver.o
 .debug_macro   0x0000dda2      0x3b4 adc_driver.o
 .debug_macro   0x0000e156       0xbe adc_driver.o
 .debug_macro   0x0000e214       0xbe adc_driver.o
 .debug_macro   0x0000e2d2       0xbe adc_driver.o
 .debug_macro   0x0000e390       0xbe adc_driver.o
 .debug_macro   0x0000e44e      0x2b8 adc_driver.o
 .debug_macro   0x0000e706      0x118 adc_driver.o
 .debug_macro   0x0000e81e      0x216 adc_driver.o
 .debug_macro   0x0000ea34      0x216 adc_driver.o
 .debug_macro   0x0000ec4a       0x2e adc_driver.o
 .debug_macro   0x0000ec78       0xac adc_driver.o
 .debug_macro   0x0000ed24      0x13e adc_driver.o
 .debug_macro   0x0000ee62       0x7c adc_driver.o
 .debug_macro   0x0000eede      0x1f6 adc_driver.o
 .debug_macro   0x0000f0d4       0x64 adc_driver.o
 .debug_macro   0x0000f138       0xa6 adc_driver.o
 .debug_macro   0x0000f1de       0x7c adc_driver.o
 .debug_macro   0x0000f25a       0x16 adc_driver.o
 .debug_macro   0x0000f270       0x22 adc_driver.o
 .debug_macro   0x0000f292       0x22 adc_driver.o
 .debug_macro   0x0000f2b4      0x10c adc_driver.o
 .debug_macro   0x0000f3c0      0x10c adc_driver.o
 .debug_macro   0x0000f4cc      0x10c adc_driver.o
 .debug_macro   0x0000f5d8      0x10c adc_driver.o
 .debug_macro   0x0000f6e4       0x1c adc_driver.o
 .debug_macro   0x0000f700       0x2e adc_driver.o
 .debug_macro   0x0000f72e       0x22 adc_driver.o
 .debug_macro   0x0000f750       0x1c adc_driver.o
 .debug_macro   0x0000f76c       0x58 adc_driver.o
 .debug_macro   0x0000f7c4       0x10 adc_driver.o
 .debug_macro   0x0000f7d4      0x27a adc_driver.o
 .debug_macro   0x0000fa4e      0xd34 adc_driver.o
 .debug_macro   0x00010782      0x170 adc_driver.o
 .debug_macro   0x000108f2      0x37f can_controller.o
 .debug_macro   0x00010c71       0xc3 can_controller.o
 .debug_macro   0x00010d34      0x4dd can_interrupt.o
 .debug_macro   0x00011211       0x52 can_interrupt.o
 .debug_macro   0x00011263       0x8d can_interrupt.o
 .debug_macro   0x000112f0       0x57 can_interrupt.o
 .debug_macro   0x00011347       0x20 can_interrupt.o
 .debug_macro   0x00011367      0x371 Device_Startup/startup_sam3xa.o
 .debug_macro   0x000116d8      0x383 Device_Startup/system_sam3xa.o
 .debug_macro   0x00011a5b      0x553 main.o
 .debug_macro   0x00011fae       0x16 main.o
 .debug_macro   0x00011fc4       0x35 main.o
 .debug_macro   0x00011ff9       0x16 main.o
 .debug_macro   0x0001200f       0x29 main.o
 .debug_macro   0x00012038       0x98 printf-stdarg.o
 .debug_macro   0x000120d0       0x58 printf-stdarg.o
 .debug_macro   0x00012128      0x385 uart.o

.debug_line     0x00000000     0x3f0f
 .debug_line    0x00000000      0x8be adc_driver.o
 .debug_line    0x000008be      0x7df can_controller.o
 .debug_line    0x0000109d      0x89b can_interrupt.o
 .debug_line    0x00001938      0x728 Device_Startup/startup_sam3xa.o
 .debug_line    0x00002060      0x785 Device_Startup/system_sam3xa.o
 .debug_line    0x000027e5      0xbd0 main.o
 .debug_line    0x000033b5      0x3de printf-stdarg.o
 .debug_line    0x00003793      0x77c uart.o

.debug_str      0x00000000    0x55741
 .debug_str     0x00000000    0x54396 adc_driver.o
                              0x54665 (size before relaxing)
 .debug_str     0x00054396      0x37d can_controller.o
                              0x506e3 (size before relaxing)
 .debug_str     0x00054713       0x7d can_interrupt.o
                              0x5451a (size before relaxing)
 .debug_str     0x00054790      0x506 Device_Startup/startup_sam3xa.o
                              0x504a2 (size before relaxing)
 .debug_str     0x00054c96      0x195 Device_Startup/system_sam3xa.o
                              0x50235 (size before relaxing)
 .debug_str     0x00054e2b      0x699 main.o
                              0x54df9 (size before relaxing)
 .debug_str     0x000554c4      0x17a printf-stdarg.o
                               0x363a (size before relaxing)
 .debug_str     0x0005563e      0x103 uart.o
                              0x50691 (size before relaxing)

.debug_frame    0x00000000      0x76c
 .debug_frame   0x00000000       0x9c adc_driver.o
 .debug_frame   0x0000009c       0x80 can_controller.o
 .debug_frame   0x0000011c       0x34 can_interrupt.o
 .debug_frame   0x00000150       0x38 Device_Startup/startup_sam3xa.o
 .debug_frame   0x00000188       0x40 Device_Startup/system_sam3xa.o
 .debug_frame   0x000001c8      0x268 main.o
 .debug_frame   0x00000430      0x124 printf-stdarg.o
 .debug_frame   0x00000554       0x58 uart.o
 .debug_frame   0x000005ac       0x2c c:/program files (x86)/atmel/studio/7.0/toolchain/arm/arm-gnu-toolchain/bin/../lib/gcc/arm-none-eabi/6.3.1/../../../../arm-none-eabi/lib/thumb/v7-m\libc.a(lib_a-init.o)
 .debug_frame   0x000005d8       0x5c c:/program files (x86)/atmel/studio/7.0/toolchain/arm/arm-gnu-toolchain/bin/../lib/gcc/arm-none-eabi/6.3.1/../../../../arm-none-eabi/lib/thumb/v7-m\libc.a(lib_a-__call_atexit.o)
 .debug_frame   0x00000634       0x20 c:/program files (x86)/atmel/studio/7.0/toolchain/arm/arm-gnu-toolchain/bin/../lib/gcc/arm-none-eabi/6.3.1/../../../../arm-none-eabi/lib/thumb/v7-m\libc.a(lib_a-atexit.o)
 .debug_frame   0x00000654       0x34 c:/program files (x86)/atmel/studio/7.0/toolchain/arm/arm-gnu-toolchain/bin/../lib/gcc/arm-none-eabi/6.3.1/../../../../arm-none-eabi/lib/thumb/v7-m\libc.a(lib_a-fini.o)
 .debug_frame   0x00000688       0xb0 c:/program files (x86)/atmel/studio/7.0/toolchain/arm/arm-gnu-toolchain/bin/../lib/gcc/arm-none-eabi/6.3.1/../../../../arm-none-eabi/lib/thumb/v7-m\libc.a(lib_a-lock.o)
 .debug_frame   0x00000738       0x34 c:/program files (x86)/atmel/studio/7.0/toolchain/arm/arm-gnu-toolchain/bin/../lib/gcc/arm-none-eabi/6.3.1/../../../../arm-none-eabi/lib/thumb/v7-m\libc.a(lib_a-__atexit.o)
